// Jest Snapshot v1, https://goo.gl/fbAQLP

exports[`HeadlineBanner renders on home correctly 1`] = `
<div
  class="mb-32 mt-24"
  data-testid="headline-banner"
>
  <a
    href="/"
  >
    <h1
      class="u-squishy-text"
    >
      Spotify report
    </h1>
  </a>
</div>
`;

exports[`HeadlineBanner renders on other pages correctly 1`] = `
<div
  class="mb-32 mt-24"
  data-testid="headline-banner"
>
  <a
    href="/"
  >
    <h1
      class="u-squishy-text"
    >
      Spotify report
    </h1>
  </a>
</div>
`;
